// Jest Snapshot v1, https://goo.gl/fbAQLP

exports[`Counter should render without crash 1`] = `
<Counter
  id={1}
  name="Name"
  onChangeName={[Function]}
  onDecrement={[Function]}
  onIncrement={[Function]}
  onRemove={[Function]}
  store={
    Object {
      "dispatch": [Function],
      "getState": [Function],
      "replaceReducer": [Function],
      "subscribe": [Function],
      Symbol(observable): [Function],
    }
  }
  storeSubscription={
    Subscription {
      "listeners": Object {
        "notify": [Function],
      },
      "onStateChange": [Function],
      "parentSub": undefined,
      "store": Object {
        "dispatch": [Function],
        "getState": [Function],
        "replaceReducer": [Function],
        "subscribe": [Function],
        Symbol(observable): [Function],
      },
      "unsubscribe": null,
    }
  }
  value={0}
/>
`;
